Microchip MPLAB XC8 Compiler V2.40

Linker command line:

-W-3 \
  --edf=C:\Program Files\Microchip\xc8\v2.40\pic\dat\20220703182018_en.msgs \
  -cn -h+dist/default/production\lab7.X.production.sym \
  --cmf=dist/default/production\lab7.X.production.cmf -z -Q16F887 \
  -oC:\Users\javie\AppData\Local\Temp\xcAskc8.4 --defsym=__MPLAB_BUILD=1 \
  --fixupoverflow=error -Mdist/default/production/lab7.X.production.map \
  --md=C:\Users\javie\AppData\Local\Temp\xcAskc8.dat -E1 -ver=XC8 Compiler \
  --acfsm=1493 -ACODE=00h-07FFhx4 -ASTRCODE=00h-01FFFh -ASTRING=00h-0FFhx32 \
  -ACONST=00h-0FFhx32 -AENTRY=00h-0FFhx32 -ACOMMON=070h-07Fh \
  -ABANK0=020h-06Fh -ABANK1=0A0h-0EFh -ABANK2=0110h-016Fh \
  -ABANK3=0190h-01EFh -ARAM=020h-06Fh,0A0h-0EFh,0110h-016Fh,0190h-01EFh \
  -AABS1=020h-07Fh,0A0h-0EFh,0110h-016Fh,0190h-01EFh -ASFR0=00h-01Fh \
  -ASFR1=080h-09Fh -ASFR2=0100h-010Fh -ASFR3=0180h-018Fh \
  -ACONFIG=02007h-02008h -DCONFIG=2 -AIDLOC=02000h-02003h -DIDLOC=2 \
  -AEEDATA=00h-0FFh/02100h -peeprom_data=EEDATA -DEEDATA=2 -DCODE=2 \
  -DSTRCODE=2 -DSTRING=2 -DCONST=2 -DENTRY=2 \
  -preset_vec=00h,intentry=04h,init,end_init -ppowerup=CODE -pcinit=CODE \
  -pfunctab=ENTRY -k C:\Users\javie\AppData\Local\Temp\xcAskc8.o \
  dist/default/production\lab7.X.production.o 

Object code version is 3.11

Machine type is 16F887



                Name                               Link     Load   Length Selector   Space Scale
C:\Users\javie\AppData\Local\Temp\xcAskc8.o
                end_init                             10       10        3        8       0
                reset_vec                             0        0        3        0       0
                config                             2007     2007        2        0       4
                idloc                              2000     2000        4        0       5
dist/default/production\lab7.X.production.o
                cinit                                13       13        E        8       0
                intentry                              4        4        C        8       0
                config                             2007     2007        2        0       4
                idloc                              2000     2000        4        0       5
                text18                              8BE      8BE      258     117C       0
                text17                             162D     162D      1D3     2C5A       0
                text16                             1285     1285       27     250A       0
                text15                              366      366      345        8       0
                text14                             13E0     13E0       78     27C0       0
                text13                             14D0     14D0       AC     29A0       0
                text12                              806      806       B8     100C       0
                text11                             130C     130C       69     2618       0
                text10                             1260     1260       25     24C0       0
                text9                              12D5     12D5       37     25AA       0
                text8                               6AB      6AB       F4        8       0
                text7                               B16      B16      258     162C       0
                text6                               D6E      D6E      292     1ADC       0
                text5                              12AC     12AC       29     2558       0
                text4                                21       21      345        8       0
                text3                              1458     1458       78     28B0       0
                text2                              157C     157C       B1     2AF8       0
                text1                               79F      79F       5C        8       0
                maintext                           1375     1375       6B     26EA       0
                cstackBANK0                          20       20       4E       20       1
                cstackCOMMON                         70       70        E       70       1
                cstackBANK1                          A0       A0       3E       A0       1
                cstackBANK3                         190      190       31      190       1
                bssBANK1                             DE       DE        4       A0       1
                bssBANK0                             6E       6E        2       20       1

TOTAL           Name                               Link     Load   Length     Space
        CLASS   CODE           
                end_init                             10       10        3         0
                cinit                                13       13        E         0
                intentry                              4        4        C         0
                reset_vec                             0        0        3         0
                text18                              8BE      8BE      258         0
                text17                             162D     162D      1D3         0
                text16                             1285     1285       27         0
                text15                              366      366      345         0
                text14                             13E0     13E0       78         0
                text13                             14D0     14D0       AC         0
                text12                              806      806       B8         0
                text11                             130C     130C       69         0
                text10                             1260     1260       25         0
                text9                              12D5     12D5       37         0
                text8                               6AB      6AB       F4         0
                text7                               B16      B16      258         0
                text6                               D6E      D6E      292         0
                text5                              12AC     12AC       29         0
                text4                                21       21      345         0
                text3                              1458     1458       78         0
                text2                              157C     157C       B1         0
                text1                               79F      79F       5C         0
                maintext                           1375     1375       6B         0

        CLASS   STRCODE        

        CLASS   STRING         

        CLASS   CONST          

        CLASS   ENTRY          

        CLASS   COMMON         
                cstackCOMMON                         70       70        E         1

        CLASS   BANK0          
                cstackBANK0                          20       20       4E         1
                bssBANK0                             6E       6E        2         1

        CLASS   BANK1          
                cstackBANK1                          A0       A0       3E         1
                bssBANK1                             DE       DE        4         1

        CLASS   BANK2          

        CLASS   BANK3          
                cstackBANK3                         190      190       31         1

        CLASS   RAM            

        CLASS   ABS1           
                abs_s1                               7E       7E        2         1

        CLASS   SFR0           

        CLASS   SFR1           

        CLASS   SFR2           

        CLASS   SFR3           

        CLASS   CONFIG         
                config                             2007     2007        2         4

        CLASS   IDLOC          
                idloc                              2000     2000        4         5

        CLASS   EEDATA         

        CLASS   STACK          



SEGMENTS        Name                           Load    Length   Top    Selector   Space  Class     Delta

                reset_vec                      000000  000003  000003         0       0  CODE        2
                intentry                       000004  0007F7  0007FB         8       0  CODE        2
                cstackBANK0                    000020  000050  000070        20       1  BANK0       1
                cstackCOMMON                   000070  00000E  00007E        70       1  COMMON      1
                cstackBANK1                    0000A0  000042  0000E2        A0       1  BANK1       1
                cstackBANK3                    000190  000031  0001C1       190       1  BANK3       1
                text12                         000806  0000B8  0008BE      100C       0  CODE        2
                text18                         0008BE  000258  000B16      117C       0  CODE        2
                text7                          000B16  000258  000D6E      162C       0  CODE        2
                text6                          000D6E  000292  001000      1ADC       0  CODE        2
                text10                         001260  000025  001285      24C0       0  CODE        2
                text16                         001285  000027  0012AC      250A       0  CODE        2
                text5                          0012AC  000029  0012D5      2558       0  CODE        2
                text9                          0012D5  000037  00130C      25AA       0  CODE        2
                text11                         00130C  000069  001375      2618       0  CODE        2
                maintext                       001375  00006B  0013E0      26EA       0  CODE        2
                text14                         0013E0  000078  001458      27C0       0  CODE        2
                text3                          001458  000078  0014D0      28B0       0  CODE        2
                text13                         0014D0  0000AC  00157C      29A0       0  CODE        2
                text2                          00157C  0000B1  00162D      2AF8       0  CODE        2
                text17                         00162D  0001D3  001800      2C5A       0  CODE        2


UNUSED ADDRESS RANGES

        Name                Unused          Largest block    Delta
        BANK1            00E2-00EF              E           1
        BANK2            0110-016F             60           1
        BANK3            01C1-01EF             2F           1
        CODE             0003-0003              1           2
                         07FB-0805              5
                         1000-125F            260
                         1800-1FFF            800
        CONST            0003-0003              1           2
                         07FB-0805              5
                         1000-125F            100
                         1800-1FFF            100
        EEDATA           2100-21FF            100           2
        ENTRY            0003-0003              1           2
                         07FB-0805              5
                         1000-125F            100
                         1800-1FFF            100
        RAM              00E2-00EF              E           1
                         0110-016F             60
                         01C1-01EF             2F
        SFR0             0000-001F             20           1
        SFR1             0080-009F             20           1
        SFR2             0100-010F             10           1
        SFR3             0180-018F             10           1
        STRCODE          0003-0003              1           2
                         07FB-0805              B
                         1000-125F            260
                         1800-1FFF            800
        STRING           0003-0003              1           2
                         07FB-0805              5
                         1000-125F            100
                         1800-1FFF            100

                                  Symbol Table

?__Umul8_16               cstackBANK1  00AE
?___awdiv                 cstackCOMMON 0076
?___fladd                 cstackBANK3  019D
?___fldiv                 cstackBANK1  00D1
?___flmul                 cstackBANK1  00B7
?___fltol                 cstackBANK3  01B1
?___wmul                  cstackCOMMON 0070
?___xxtofl                cstackCOMMON 0070
?_mapear                  cstackBANK0  0024
?i1__Umul8_16             cstackCOMMON 0070
?i1___fladd               cstackBANK0  004F
?i1___fldiv               cstackBANK0  0035
?i1___flmul               cstackBANK0  0020
?i1___fltol               cstackBANK0  0063
PWM_DUTY@channel          cstackBANK1  00A4
PWM_DUTY@duty             cstackBANK1  00A0
PWM_DUTY@duty_var         cstackBANK1  00A5
PWM_SETUP@channel         cstackBANK3  01BF
PWM_SETUP@periodo_ms      cstackBANK3  01BB
_ADCON0bits               (abs)        001F
_ADCON1bits               (abs)        009F
_ADRESH                   (abs)        001E
_ANSEL                    (abs)        0188
_ANSELH                   (abs)        0189
_CCP1CON                  (abs)        0017
_CCP1CONbits              (abs)        0017
_CCP2CON                  (abs)        001D
_CCP2CONbits              (abs)        001D
_CCPR1L                   (abs)        0015
_CCPR2L                   (abs)        001B
_INTCONbits               (abs)        000B
_OPTION_REGbits           (abs)        0081
_OSCCONbits               (abs)        008F
_PIE1bits                 (abs)        008C
_PIR1bits                 (abs)        000C
_PORTA                    (abs)        0005
_PORTB                    (abs)        0006
_PORTC                    (abs)        0007
_PORTCbits                (abs)        0007
_PR2                      (abs)        0092
_PWM_DUTY                 text13       14D0
_PWM_SETUP                text2        157C
_T0IF                     (abs)        005A
_T2CONbits                (abs)        0012
_TMR0                     (abs)        0001
_TRISA                    (abs)        0085
_TRISB                    (abs)        0086
_TRISC                    (abs)        0087
_TRISCbits                (abs)        0087
__Habs1                   abs1         0000
__Hbank0                  bank0        0000
__Hbank1                  bank1        0000
__Hbank2                  bank2        0000
__Hbank3                  bank3        0000
__HbssBANK0               bssBANK0     0000
__HbssBANK1               bssBANK1     0000
__Hcinit                  cinit        0021
__Hclrtext                clrtext      0000
__Hcode                   code         0000
__Hcommon                 common       0000
__Hconfig                 config       2009
__HcstackBANK0            cstackBANK0  0000
__HcstackBANK1            cstackBANK1  0000
__HcstackBANK3            cstackBANK3  0000
__HcstackCOMMON           cstackCOMMON 0000
__Heeprom_data            eeprom_data  0000
__Hend_init               end_init     0013
__Hfunctab                functab      0000
__Hidloc                  idloc        2004
__Hinit                   init         0010
__Hintentry               intentry     0010
__Hmaintext               maintext     0000
__Hpowerup                powerup      0000
__Hram                    ram          0000
__Hreset_vec              reset_vec    0003
__Hsfr0                   sfr0         0000
__Hsfr1                   sfr1         0000
__Hsfr2                   sfr2         0000
__Hsfr3                   sfr3         0000
__Hspace_0                (abs)        1800
__Hspace_1                (abs)        01C1
__Hspace_2                (abs)        0000
__Hspace_3                (abs)        0000
__Hspace_4                (abs)        4010
__Hstack                  stack        0000
__Hstrings                strings      0000
__Htext                   text         0000
__Labs1                   abs1         0000
__Lbank0                  bank0        0000
__Lbank1                  bank1        0000
__Lbank2                  bank2        0000
__Lbank3                  bank3        0000
__LbssBANK0               bssBANK0     0000
__LbssBANK1               bssBANK1     0000
__Lcinit                  cinit        0013
__Lclrtext                clrtext      0000
__Lcode                   code         0000
__Lcommon                 common       0000
__Lconfig                 config       0000
__LcstackBANK0            cstackBANK0  0000
__LcstackBANK1            cstackBANK1  0000
__LcstackBANK3            cstackBANK3  0000
__LcstackCOMMON           cstackCOMMON 0000
__Leeprom_data            eeprom_data  0000
__Lend_init               end_init     0010
__Lfunctab                functab      0000
__Lidloc                  idloc        0000
__Linit                   init         0010
__Lintentry               intentry     0004
__Lmaintext               maintext     0000
__Lpowerup                powerup      0000
__Lram                    ram          0000
__Lreset_vec              reset_vec    0000
__Lsfr0                   sfr0         0000
__Lsfr1                   sfr1         0000
__Lsfr2                   sfr2         0000
__Lsfr3                   sfr3         0000
__Lspace_0                (abs)        0000
__Lspace_1                (abs)        0000
__Lspace_2                (abs)        0000
__Lspace_3                (abs)        0000
__Lspace_4                (abs)        0000
__Lstack                  stack        0000
__Lstrings                strings      0000
__Ltext                   text         0000
__S0                      (abs)        1800
__S1                      (abs)        01C1
__S3                      (abs)        0000
__Umul8_16                text5        12AC
__Umul8_16@multiplicand   cstackBANK1  00AE
__Umul8_16@multiplier     cstackBANK1  00B6
__Umul8_16@product        cstackBANK1  00B2
__Umul8_16@word_mpld      cstackBANK1  00B4
___awdiv                  text11       130C
___awdiv@counter          cstackBANK0  0020
___awdiv@dividend         cstackCOMMON 0078
___awdiv@divisor          cstackCOMMON 0076
___awdiv@quotient         cstackBANK0  0022
___awdiv@sign             cstackBANK0  0021
___fladd                  text7        0B16
___fladd@a                cstackBANK3  01A1
___fladd@aexp             cstackBANK3  01AE
___fladd@b                cstackBANK3  019D
___fladd@bexp             cstackBANK3  01AF
___fladd@grs              cstackBANK3  01B0
___fladd@signs            cstackBANK3  01AD
___fldiv                  text6        0D6E
___fldiv@a                cstackBANK1  00D1
___fldiv@aexp             cstackBANK3  019C
___fldiv@b                cstackBANK1  00D5
___fldiv@bexp             cstackBANK3  019B
___fldiv@grs              cstackBANK3  0197
___fldiv@new_exp          cstackBANK3  0195
___fldiv@rem              cstackBANK3  0190
___fldiv@sign             cstackBANK3  0194
___flmul                  text4        0021
___flmul@a                cstackBANK1  00BB
___flmul@aexp             cstackBANK1  00C9
___flmul@b                cstackBANK1  00B7
___flmul@bexp             cstackBANK1  00CA
___flmul@grs              cstackBANK1  00C5
___flmul@prod             cstackBANK1  00CB
___flmul@sign             cstackBANK1  00C4
___flmul@temp             cstackBANK1  00CF
___fltol                  text3        1458
___fltol@exp1             cstackBANK3  01BA
___fltol@f1               cstackBANK3  01B1
___fltol@sign1            cstackBANK3  01B9
___int_sp                 stack        0000
___latbits                (abs)        0002
___sp                     stack        0000
___stackhi                (abs)        0000
___stacklo                (abs)        0000
___wmul                   text10       1260
___wmul@multiplicand      cstackCOMMON 0072
___wmul@multiplier        cstackCOMMON 0070
___wmul@product           cstackCOMMON 0074
___xxtofl                 text12       0806
___xxtofl@arg             cstackCOMMON 007A
___xxtofl@exp             cstackCOMMON 0079
___xxtofl@sign            cstackCOMMON 0078
___xxtofl@val             cstackCOMMON 0070
__end_of_PWM_DUTY         text13       157C
__end_of_PWM_SETUP        text2        162D
__end_of__Umul8_16        text5        12D5
__end_of___awdiv          text11       1375
__end_of___fladd          text7        0D6E
__end_of___fldiv          text6        1000
__end_of___flmul          text4        0366
__end_of___fltol          text3        14D0
__end_of___wmul           text10       1285
__end_of___xxtofl         text12       08BE
__end_of__initialization  cinit        001D
__end_of_isr              text8        079F
__end_of_main             maintext     13E0
__end_of_mapear           text9        130C
__end_of_setup            text1        07FB
__end_ofi1__Umul8_16      text16       12AC
__end_ofi1___fladd        text18       0B16
__end_ofi1___fldiv        text17       1800
__end_ofi1___flmul        text15       06AB
__end_ofi1___fltol        text14       1458
__initialization          cinit        0013
__pbssBANK0               bssBANK0     006E
__pbssBANK1               bssBANK1     00DE
__pcstackBANK0            cstackBANK0  0020
__pcstackBANK1            cstackBANK1  00A0
__pcstackBANK3            cstackBANK3  0190
__pcstackCOMMON           cstackCOMMON 0070
__pintentry               intentry     0004
__pmaintext               maintext     1375
__ptext1                  text1        079F
__ptext10                 text10       1260
__ptext11                 text11       130C
__ptext12                 text12       0806
__ptext13                 text13       14D0
__ptext14                 text14       13E0
__ptext15                 text15       0366
__ptext16                 text16       1285
__ptext17                 text17       162D
__ptext18                 text18       08BE
__ptext2                  text2        157C
__ptext3                  text3        1458
__ptext4                  text4        0021
__ptext5                  text5        12AC
__ptext6                  text6        0D6E
__ptext7                  text7        0B16
__ptext8                  text8        06AB
__ptext9                  text9        12D5
_cont0                    bssBANK0     006E
_isr                      text8        06AB
_main                     maintext     1375
_manualPWM                bssBANK1     00DE
_mapear                   text9        12D5
_setup                    text1        079F
_y                        bssBANK1     00E0
btemp                     (abs)        007E
end_of_initialization     cinit        001D
i1__Umul8_16              text16       1285
i1__Umul8_16@multiplicand cstackCOMMON 0070
i1__Umul8_16@multiplier   cstackCOMMON 0078
i1__Umul8_16@product      cstackCOMMON 0074
i1__Umul8_16@word_mpld    cstackCOMMON 0076
i1___fladd                text18       08BE
i1___fladd@a              cstackBANK0  0053
i1___fladd@aexp           cstackBANK0  0060
i1___fladd@b              cstackBANK0  004F
i1___fladd@bexp           cstackBANK0  0061
i1___fladd@grs            cstackBANK0  0062
i1___fladd@signs          cstackBANK0  005F
i1___fldiv                text17       162D
i1___fldiv@a              cstackBANK0  0035
i1___fldiv@aexp           cstackBANK0  004E
i1___fldiv@b              cstackBANK0  0039
i1___fldiv@bexp           cstackBANK0  004D
i1___fldiv@grs            cstackBANK0  0049
i1___fldiv@new_exp        cstackBANK0  0047
i1___fldiv@rem            cstackBANK0  0042
i1___fldiv@sign           cstackBANK0  0046
i1___flmul                text15       0366
i1___flmul@a              cstackBANK0  0024
i1___flmul@aexp           cstackBANK0  002D
i1___flmul@b              cstackBANK0  0020
i1___flmul@bexp           cstackBANK0  002E
i1___flmul@grs            cstackBANK0  0029
i1___flmul@prod           cstackBANK0  002F
i1___flmul@sign           cstackBANK0  0028
i1___flmul@temp           cstackBANK0  0033
i1___fltol                text14       13E0
i1___fltol@exp1           cstackBANK0  006C
i1___fltol@f1             cstackBANK0  0063
i1___fltol@sign1          cstackBANK0  006B
interrupt_function        intentry     0004
intlevel0                 functab      0000
intlevel1                 functab      0000
intlevel2                 functab      0000
intlevel3                 functab      0000
intlevel4                 functab      0000
intlevel5                 functab      0000
mapear@nuevo_max          cstackBANK0  002C
mapear@nuevo_min          cstackBANK0  002A
mapear@nuevo_valor        cstackCOMMON 007B
mapear@rango_max          cstackBANK0  0028
mapear@rango_min          cstackBANK0  0026
mapear@valor              cstackBANK0  0024
reset_vec                 reset_vec    0000
saved_w                   (abs)        007E
start                     init         0010
start_initialization      cinit        0013
wtemp0                    (abs)        007E


MODULE INFORMATION

Module		Function		Class		Link	Load	Size
C:\Program Files\Microchip\xc8\v2.40\pic\sources\c90\common\fltol.c
		___fltol       		CODE           	1458	0000	120

C:\Program Files\Microchip\xc8\v2.40\pic\sources\c90\common\fltol.c estimated size: 120

C:\Program Files\Microchip\xc8\v2.40\pic\sources\c90\common\awdiv.c
		___awdiv       		CODE           	130C	0000	105

C:\Program Files\Microchip\xc8\v2.40\pic\sources\c90\common\awdiv.c estimated size: 105

C:\Program Files\Microchip\xc8\v2.40\pic\sources\c90\common\sprcmul.c
		___flmul       		CODE           	0021	0000	837

C:\Program Files\Microchip\xc8\v2.40\pic\sources\c90\common\sprcmul.c estimated size: 837

C:\Program Files\Microchip\xc8\v2.40\pic\sources\c90\common\sprcdiv.c
		___fldiv       		CODE           	0D6E	0000	658

C:\Program Files\Microchip\xc8\v2.40\pic\sources\c90\common\sprcdiv.c estimated size: 658

C:\Program Files\Microchip\xc8\v2.40\pic\sources\c90\common\Umul8_16.c
		__Umul8_16     		CODE           	12AC	0000	41

C:\Program Files\Microchip\xc8\v2.40\pic\sources\c90\common\Umul8_16.c estimated size: 41

C:\Program Files\Microchip\xc8\v2.40\pic\sources\c90\common\Umul16.c
		___wmul        		CODE           	1260	0000	37

C:\Program Files\Microchip\xc8\v2.40\pic\sources\c90\common\Umul16.c estimated size: 37

shared
		i1___fladd     		CODE           	08BE	0000	600
		i1__Umul8_16   		CODE           	1285	0000	39
		i1___fldiv     		CODE           	162D	0000	467
		i1___fltol     		CODE           	13E0	0000	120
		__initialization		CODE           	0013	0000	10
		i1___flmul     		CODE           	0366	0000	837

shared estimated size: 2073

C:\Program Files\Microchip\xc8\v2.40\pic\sources\c90\common\sprcadd.c
		___fladd       		CODE           	0B16	0000	600

C:\Program Files\Microchip\xc8\v2.40\pic\sources\c90\common\sprcadd.c estimated size: 600

prelablab7.c
		_main          		CODE           	1375	0000	107
		_isr           		CODE           	06AB	0000	244
		_mapear        		CODE           	12D5	0000	55
		_setup         		CODE           	079F	0000	92

prelablab7.c estimated size: 498

configPWM.c
		_PWM_DUTY      		CODE           	14D0	0000	172
		_PWM_SETUP     		CODE           	157C	0000	177

configPWM.c estimated size: 349

C:\Program Files\Microchip\xc8\v2.40\pic\sources\c90\common\xxtofl.c
		___xxtofl      		CODE           	0806	0000	184

C:\Program Files\Microchip\xc8\v2.40\pic\sources\c90\common\xxtofl.c estimated size: 184

