Microchip MPLAB XC8 Compiler V2.40

Linker command line:

-W-3 \
  --edf=C:\Program Files\Microchip\xc8\v2.40\pic\dat\20220703182018_en.msgs \
  -cn -h+dist/default/production\testInC.X.production.sym \
  --cmf=dist/default/production\testInC.X.production.cmf -z -Q16F887 \
  -oC:\Users\javie\AppData\Local\Temp\xcAs414.4 --defsym=__MPLAB_BUILD=1 \
  --fixupoverflow=error -Mdist/default/production/testInC.X.production.map \
  --md=C:\Users\javie\AppData\Local\Temp\xcAs414.dat -E1 -ver=XC8 Compiler \
  --acfsm=1493 -ACODE=00h-07FFhx4 -ASTRCODE=00h-01FFFh -ASTRING=00h-0FFhx32 \
  -ACONST=00h-0FFhx32 -AENTRY=00h-0FFhx32 -ACOMMON=070h-07Fh \
  -ABANK0=020h-06Fh -ABANK1=0A0h-0EFh -ABANK2=0110h-016Fh \
  -ABANK3=0190h-01EFh -ARAM=020h-06Fh,0A0h-0EFh,0110h-016Fh,0190h-01EFh \
  -AABS1=020h-07Fh,0A0h-0EFh,0110h-016Fh,0190h-01EFh -ASFR0=00h-01Fh \
  -ASFR1=080h-09Fh -ASFR2=0100h-010Fh -ASFR3=0180h-018Fh \
  -ACONFIG=02007h-02008h -DCONFIG=2 -AIDLOC=02000h-02003h -DIDLOC=2 \
  -AEEDATA=00h-0FFh/02100h -peeprom_data=EEDATA -DEEDATA=2 -DCODE=2 \
  -DSTRCODE=2 -DSTRING=2 -DCONST=2 -DENTRY=2 \
  -preset_vec=00h,intentry=04h,init,end_init -ppowerup=CODE -pcinit=CODE \
  -pfunctab=ENTRY -k C:\Users\javie\AppData\Local\Temp\xcAs414.o \
  dist/default/production\testInC.X.production.o 

Object code version is 3.11

Machine type is 16F887



                Name                               Link     Load   Length Selector   Space Scale
C:\Users\javie\AppData\Local\Temp\xcAs414.o
                end_init                             10       10        3        8       0
                reset_vec                             0        0        3        0       0
                config                             2007     2007        2        0       4
                idloc                              2000     2000        4        0       5
dist/default/production\testInC.X.production.o
                cinit                                13       13       15        8       0
                intentry                              4        4        C        8       0
                config                             2007     2007        2        0       4
                idloc                              2000     2000        4        0       5
                text11                              36D      36D      1D9        8       0
                text10                              CCD      CCD       27     199A       0
                text9                                28       28      345        8       0
                text8                               E8E      E8E       B8     1D1C       0
                text7                               6DE      6DE       CB        8       0
                text6                               DAD      DAD       69     1B5A       0
                text5                               CF4      CF4       5B     19E8       0
                text4                               E16      E16       78     1C2C       0
                text3                               F46      F46       BA     1E8C       0
                text2                               D4F      D4F       5E     1A9E       0
                text1                               7A9      7A9       47        8       0
                maintext                            546      546      198        8       0
                cstackBANK0                          20       20       2E       20       1
                cstackCOMMON                         70       70        E       70       1
                cstackBANK1                          A0       A0       2C       A0       1
                clrtext                             7F0      7F0        8        8       0
                bssBANK1                             CC       CC       1A       A0       1
                bssBANK0                             4E       4E        6       20       1

TOTAL           Name                               Link     Load   Length     Space
        CLASS   CODE           
                end_init                             10       10        3         0
                cinit                                13       13       15         0
                intentry                              4        4        C         0
                reset_vec                             0        0        3         0
                text11                              36D      36D      1D9         0
                text10                              CCD      CCD       27         0
                text9                                28       28      345         0
                text8                               E8E      E8E       B8         0
                text7                               6DE      6DE       CB         0
                text6                               DAD      DAD       69         0
                text5                               CF4      CF4       5B         0
                text4                               E16      E16       78         0
                text3                               F46      F46       BA         0
                text2                               D4F      D4F       5E         0
                text1                               7A9      7A9       47         0
                maintext                            546      546      198         0
                clrtext                             7F0      7F0        8         0

        CLASS   STRCODE        

        CLASS   STRING         

        CLASS   CONST          

        CLASS   ENTRY          

        CLASS   COMMON         
                cstackCOMMON                         70       70        E         1

        CLASS   BANK0          
                cstackBANK0                          20       20       2E         1
                bssBANK0                             4E       4E        6         1

        CLASS   BANK1          
                cstackBANK1                          A0       A0       2C         1
                bssBANK1                             CC       CC       1A         1

        CLASS   BANK2          

        CLASS   BANK3          

        CLASS   RAM            

        CLASS   ABS1           
                abs_s1                               7E       7E        2         1

        CLASS   SFR0           

        CLASS   SFR1           

        CLASS   SFR2           

        CLASS   SFR3           

        CLASS   CONFIG         
                config                             2007     2007        2         4

        CLASS   IDLOC          
                idloc                              2000     2000        4         5

        CLASS   EEDATA         

        CLASS   STACK          



SEGMENTS        Name                           Load    Length   Top    Selector   Space  Class     Delta

                reset_vec                      000000  000003  000003         0       0  CODE        2
                intentry                       000004  0007F4  0007F8         8       0  CODE        2
                cstackBANK0                    000020  000034  000054        20       1  BANK0       1
                cstackCOMMON                   000070  00000E  00007E        70       1  COMMON      1
                cstackBANK1                    0000A0  000046  0000E6        A0       1  BANK1       1
                text10                         000CCD  000027  000CF4      199A       0  CODE        2
                text5                          000CF4  00005B  000D4F      19E8       0  CODE        2
                text2                          000D4F  00005E  000DAD      1A9E       0  CODE        2
                text6                          000DAD  000069  000E16      1B5A       0  CODE        2
                text4                          000E16  000078  000E8E      1C2C       0  CODE        2
                text8                          000E8E  0000B8  000F46      1D1C       0  CODE        2
                text3                          000F46  0000BA  001000      1E8C       0  CODE        2


UNUSED ADDRESS RANGES

        Name                Unused          Largest block    Delta
        BANK0            0054-006F             1C           1
        BANK1            00E6-00EF              A           1
        BANK2            0110-016F             60           1
        BANK3            0190-01EF             60           1
        CODE             0003-0003              1           2
                         07F8-0CCC              8
                         1000-1FFF            800
        CONST            0003-0003              1           2
                         07F8-0CCC            100
                         1000-1FFF            100
        EEDATA           2100-21FF            100           2
        ENTRY            0003-0003              1           2
                         07F8-0CCC            100
                         1000-1FFF            100
        RAM              0054-006F             1C           1
                         00E6-00EF              A
                         0110-016F             60
                         0190-01EF             60
        SFR0             0000-001F             20           1
        SFR1             0080-009F             20           1
        SFR2             0100-010F             10           1
        SFR3             0180-018F             10           1
        STRCODE          0003-0003              1           2
                         07F8-0CCC            4D5
                         1000-1FFF           1000
        STRING           0003-0003              1           2
                         07F8-0CCC            100
                         1000-1FFF            100

                                  Symbol Table

?__Umul8_16              cstackCOMMON 0070
?___awdiv                cstackBANK1  00B1
?___awmod                cstackBANK1  00AA
?___fldiv                cstackCOMMON 0070
?___flmul                cstackBANK0  002D
?___fltol                cstackBANK1  00A0
?___xxtofl               cstackBANK1  00BA
?__displays              cstackBANK1  00AA
?i1___xxtofl             cstackCOMMON 0070
_ADCON0bits              (abs)        001F
_ADCON1bits              (abs)        009F
_ADIF                    (abs)        0066
_ADRESH                  (abs)        001E
_ANSEL                   (abs)        0188
_ANSELH                  (abs)        0189
_INTCONbits              (abs)        000B
_OPTION_REGbits          (abs)        0081
_OSCCONbits              (abs)        008F
_PIE1bits                (abs)        008C
_PORTA                   (abs)        0005
_PORTB                   (abs)        0006
_PORTC                   (abs)        0007
_PORTD                   (abs)        0008
_PORTDbits               (abs)        0008
_T0IF                    (abs)        005A
_TMR0                    (abs)        0001
_TRISA                   (abs)        0085
_TRISB                   (abs)        0086
_TRISC                   (abs)        0087
_TRISD                   (abs)        0088
_TRISE                   (abs)        0089
__Habs1                  abs1         0000
__Hbank0                 bank0        0000
__Hbank1                 bank1        0000
__Hbank2                 bank2        0000
__Hbank3                 bank3        0000
__HbssBANK0              bssBANK0     0000
__HbssBANK1              bssBANK1     0000
__Hcinit                 cinit        0028
__Hclrtext               clrtext      0000
__Hcode                  code         0000
__Hcommon                common       0000
__Hconfig                config       2009
__HcstackBANK0           cstackBANK0  0000
__HcstackBANK1           cstackBANK1  0000
__HcstackCOMMON          cstackCOMMON 0000
__Heeprom_data           eeprom_data  0000
__Hend_init              end_init     0013
__Hfunctab               functab      0000
__Hidloc                 idloc        2004
__Hinit                  init         0010
__Hintentry              intentry     0010
__Hmaintext              maintext     0000
__Hpowerup               powerup      0000
__Hram                   ram          0000
__Hreset_vec             reset_vec    0003
__Hsfr0                  sfr0         0000
__Hsfr1                  sfr1         0000
__Hsfr2                  sfr2         0000
__Hsfr3                  sfr3         0000
__Hspace_0               (abs)        1000
__Hspace_1               (abs)        00E6
__Hspace_2               (abs)        0000
__Hspace_3               (abs)        0000
__Hspace_4               (abs)        4010
__Hstack                 stack        0000
__Hstrings               strings      0000
__Htext                  text         0000
__Labs1                  abs1         0000
__Lbank0                 bank0        0000
__Lbank1                 bank1        0000
__Lbank2                 bank2        0000
__Lbank3                 bank3        0000
__LbssBANK0              bssBANK0     0000
__LbssBANK1              bssBANK1     0000
__Lcinit                 cinit        0013
__Lclrtext               clrtext      0000
__Lcode                  code         0000
__Lcommon                common       0000
__Lconfig                config       0000
__LcstackBANK0           cstackBANK0  0000
__LcstackBANK1           cstackBANK1  0000
__LcstackCOMMON          cstackCOMMON 0000
__Leeprom_data           eeprom_data  0000
__Lend_init              end_init     0010
__Lfunctab               functab      0000
__Lidloc                 idloc        0000
__Linit                  init         0010
__Lintentry              intentry     0004
__Lmaintext              maintext     0000
__Lpowerup               powerup      0000
__Lram                   ram          0000
__Lreset_vec             reset_vec    0000
__Lsfr0                  sfr0         0000
__Lsfr1                  sfr1         0000
__Lsfr2                  sfr2         0000
__Lsfr3                  sfr3         0000
__Lspace_0               (abs)        0000
__Lspace_1               (abs)        0000
__Lspace_2               (abs)        0000
__Lspace_3               (abs)        0000
__Lspace_4               (abs)        0000
__Lstack                 stack        0000
__Lstrings               strings      0000
__Ltext                  text         0000
__S0                     (abs)        1000
__S1                     (abs)        00E6
__S3                     (abs)        0000
__Umul8_16               text10       0CCD
__Umul8_16@multiplicand  cstackCOMMON 0070
__Umul8_16@multiplier    cstackCOMMON 0078
__Umul8_16@product       cstackCOMMON 0074
__Umul8_16@word_mpld     cstackCOMMON 0076
___awdiv                 text6        0DAD
___awdiv@counter         cstackBANK1  00B6
___awdiv@dividend        cstackBANK1  00B3
___awdiv@divisor         cstackBANK1  00B1
___awdiv@quotient        cstackBANK1  00B8
___awdiv@sign            cstackBANK1  00B7
___awmod                 text5        0CF4
___awmod@counter         cstackBANK1  00AF
___awmod@dividend        cstackBANK1  00AC
___awmod@divisor         cstackBANK1  00AA
___awmod@sign            cstackBANK1  00B0
___fldiv                 text11       036D
___fldiv@a               cstackCOMMON 0070
___fldiv@aexp            cstackBANK0  002C
___fldiv@b               cstackCOMMON 0074
___fldiv@bexp            cstackBANK0  002B
___fldiv@grs             cstackBANK0  0027
___fldiv@new_exp         cstackBANK0  0025
___fldiv@rem             cstackBANK0  0020
___fldiv@sign            cstackBANK0  0024
___flmul                 text9        0028
___flmul@a               cstackBANK0  0031
___flmul@aexp            cstackBANK0  003F
___flmul@b               cstackBANK0  002D
___flmul@bexp            cstackBANK0  0040
___flmul@grs             cstackBANK0  003B
___flmul@prod            cstackBANK0  0041
___flmul@sign            cstackBANK0  003A
___flmul@temp            cstackBANK0  0045
___fltol                 text4        0E16
___fltol@exp1            cstackBANK1  00A9
___fltol@f1              cstackBANK1  00A0
___fltol@sign1           cstackBANK1  00A8
___int_sp                stack        0000
___latbits               (abs)        0002
___sp                    stack        0000
___stackhi               (abs)        0000
___stacklo               (abs)        0000
___xxtofl                text3        0F46
___xxtofl@arg            cstackBANK1  00C4
___xxtofl@exp            cstackBANK1  00C3
___xxtofl@sign           cstackBANK1  00C2
___xxtofl@val            cstackBANK1  00BA
__displays               text2        0D4F
__displays@a             cstackBANK1  00AA
__end_of__Umul8_16       text10       0CF4
__end_of___awdiv         text6        0E16
__end_of___awmod         text5        0D4F
__end_of___fldiv         text11       0546
__end_of___flmul         text9        036D
__end_of___fltol         text4        0E8E
__end_of___xxtofl        text3        1000
__end_of__displays       text2        0DAD
__end_of__initialization cinit        0024
__end_of_isr             text7        07A9
__end_of_main            maintext     06DE
__end_of_setup           text1        07F0
__end_ofi1___xxtofl      text8        0F46
__initialization         cinit        0013
__pbssBANK0              bssBANK0     004E
__pbssBANK1              bssBANK1     00CC
__pcstackBANK0           cstackBANK0  0020
__pcstackBANK1           cstackBANK1  00A0
__pcstackCOMMON          cstackCOMMON 0070
__pintentry              intentry     0004
__pmaintext              maintext     0546
__ptext1                 text1        07A9
__ptext10                text10       0CCD
__ptext11                text11       036D
__ptext2                 text2        0D4F
__ptext3                 text3        0F46
__ptext4                 text4        0E16
__ptext5                 text5        0CF4
__ptext6                 text6        0DAD
__ptext7                 text7        06DE
__ptext8                 text8        0E8E
__ptext9                 text9        0028
_adc                     bssBANK1     00DC
_adc1                    bssBANK1     00D8
_cad                     bssBANK0     004E
_centenas                bssBANK1     00D4
_cont                    bssBANK0     0052
_d1                      bssBANK1     00E4
_d2                      bssBANK1     00E2
_d3                      bssBANK1     00E0
_decenas                 bssBANK1     00CC
_isr                     text7        06DE
_main                    maintext     0546
_main$892                cstackBANK1  00CA
_setup                   text1        07A9
_unidades                bssBANK1     00D0
btemp                    (abs)        007E
clear_ram0               clrtext      07F0
end_of_initialization    cinit        0024
i1___xxtofl              text8        0E8E
i1___xxtofl@arg          cstackCOMMON 007A
i1___xxtofl@exp          cstackCOMMON 0079
i1___xxtofl@sign         cstackCOMMON 0078
i1___xxtofl@val          cstackCOMMON 0070
interrupt_function       intentry     0004
intlevel0                functab      0000
intlevel1                functab      0000
intlevel2                functab      0000
intlevel3                functab      0000
intlevel4                functab      0000
intlevel5                functab      0000
reset_vec                reset_vec    0000
saved_w                  (abs)        007E
start                    init         0010
start_initialization     cinit        0013
wtemp0                   (abs)        007E


MODULE INFORMATION

Module		Function		Class		Link	Load	Size
postLab6.c
		_main          		CODE           	0546	0000	408
		_isr           		CODE           	06DE	0000	203
		_setup         		CODE           	07A9	0000	71
		__displays     		CODE           	0D4F	0000	94

postLab6.c estimated size: 776

C:\Program Files\Microchip\xc8\v2.40\pic\sources\c90\common\fltol.c
		___fltol       		CODE           	0E16	0000	120

C:\Program Files\Microchip\xc8\v2.40\pic\sources\c90\common\fltol.c estimated size: 120

C:\Program Files\Microchip\xc8\v2.40\pic\sources\c90\common\awdiv.c
		___awdiv       		CODE           	0DAD	0000	105

C:\Program Files\Microchip\xc8\v2.40\pic\sources\c90\common\awdiv.c estimated size: 105

C:\Program Files\Microchip\xc8\v2.40\pic\sources\c90\common\sprcmul.c
		___flmul       		CODE           	0028	0000	837

C:\Program Files\Microchip\xc8\v2.40\pic\sources\c90\common\sprcmul.c estimated size: 837

C:\Program Files\Microchip\xc8\v2.40\pic\sources\c90\common\sprcdiv.c
		___fldiv       		CODE           	036D	0000	473

C:\Program Files\Microchip\xc8\v2.40\pic\sources\c90\common\sprcdiv.c estimated size: 473

C:\Program Files\Microchip\xc8\v2.40\pic\sources\c90\common\Umul8_16.c
		__Umul8_16     		CODE           	0CCD	0000	39

C:\Program Files\Microchip\xc8\v2.40\pic\sources\c90\common\Umul8_16.c estimated size: 39

shared
		__initialization		CODE           	0013	0000	17
		i1___xxtofl    		CODE           	0E8E	0000	184

shared estimated size: 201

C:\Program Files\Microchip\xc8\v2.40\pic\sources\c90\common\awmod.c
		___awmod       		CODE           	0CF4	0000	91

C:\Program Files\Microchip\xc8\v2.40\pic\sources\c90\common\awmod.c estimated size: 91

C:\Program Files\Microchip\xc8\v2.40\pic\sources\c90\common\xxtofl.c
		___xxtofl      		CODE           	0F46	0000	186

C:\Program Files\Microchip\xc8\v2.40\pic\sources\c90\common\xxtofl.c estimated size: 186

